// Jest Snapshot v1, https://goo.gl/fbAQLP

exports[`should render component 1`] = `
<div>
  <div
    class="pageWrapper backgroundColorCoatOfArms"
  />
</div>
`;
