// Jest Snapshot v1, https://goo.gl/fbAQLP

exports[`should render component 1`] = `
<div>
  <div
    class="searchRow"
  >
    <span
      class="count"
    >
      100 items
    </span>
    <div
      class="TextInput-module_root__2CMNr text-input_hds-text-input__2LODq searchInput hideLabel"
    >
      <label
        class="FieldLabel-module_label__1zrXK "
        for=":r0:"
      >
        Search
      </label>
      <div
        class="TextInput-module_inputWrapper__3Rvel text-input_hds-text-input__input-wrapper__1OqYG"
      >
        <input
          class="TextInput-module_input__1BlHi text-input_hds-text-input__input__GJm5C TextInput-module_hasButton__2KCM1 TextInput-module_hasClearButton__3-tBe text-input_hds-text-input__input-clear__17qr1"
          id=":r0:"
          placeholder="Search"
          type="text"
          value=""
        />
        <div
          class="TextInput-module_buttonWrapper___filA text-input_hds-text-input__buttons__1RMzT"
        >
          <button
            aria-label="TyhjennÃ¤"
            class="TextInput-module_button__1ySMX text-input_hds-text-input__button__1Fh0I TextInput-module_clearButton__bfCLI text-input_hds-text-input__button-clear__2ED7z"
            type="button"
          >
            <svg
              aria-hidden="true"
              aria-label="cross-circle"
              class="Icon-module_icon__1Jtzj icon_hds-icon__1YqNC Icon-module_s__2WGWe icon_hds-icon--size-s__2Lkik"
              role="img"
              viewBox="0 0 24 24"
              xmlns="http://www.w3.org/2000/svg"
            >
              <path
                clip-rule="evenodd"
                d="M12 2C17.5228 2 22 6.47715 22 12C22 17.5228 17.5228 22 12 22C6.47715 22 2 17.5228 2 12C2 6.47715 6.47715 2 12 2ZM12 4C7.58172 4 4 7.58172 4 12C4 16.4183 7.58172 20 12 20C16.4183 20 20 16.4183 20 12C20 7.58172 16.4183 4 12 4ZM15 7.5L16.5 9L13.5 12L16.5 15L15 16.5L12 13.5L9 16.5L7.5 15L10.5 12L7.5 9L9 7.5L12 10.5L15 7.5Z"
                fill="currentColor"
                fill-rule="evenodd"
              />
            </svg>
          </button>
          <button
            aria-label="Etsi"
            class="TextInput-module_button__1ySMX text-input_hds-text-input__button__1Fh0I"
            type="button"
          >
            <svg
              aria-hidden="true"
              aria-label="search"
              class="Icon-module_icon__1Jtzj icon_hds-icon__1YqNC Icon-module_s__2WGWe icon_hds-icon--size-s__2Lkik"
              role="img"
              viewBox="0 0 24 24"
              xmlns="http://www.w3.org/2000/svg"
            >
              <path
                clip-rule="evenodd"
                d="M15 1C19.4183 1 23 4.58172 23 9C23 13.4183 19.4183 17 15 17C13.2001 17 11.539 16.4056 10.2023 15.4023L3.80101 21.8021L2.21002 20.2111L8.60822 13.8117C7.59861 12.4726 7.00002 10.8062 7.00002 9C7.00002 4.58172 10.5817 1 15 1ZM15 3C11.6863 3 9.00002 5.68629 9.00002 9C9.00002 12.3137 11.6863 15 15 15C18.3137 15 21 12.3137 21 9C21 5.68629 18.3137 3 15 3Z"
                fill="currentColor"
                fill-rule="evenodd"
              />
            </svg>
          </button>
        </div>
      </div>
    </div>
  </div>
</div>
`;
