// Jest Snapshot v1, https://goo.gl/fbAQLP

exports[`should render component 1`] = `
<div>
  <div
    class="searchRow"
  >
    <span
      class="count"
    >
      100 items
    </span>
    <div
      class="SearchInput-module_root__sMwrY searchInput hideLabel"
    >
      <label
        class="FieldLabel-module_label__1zrXK "
        for="downshift-0-input"
        id="downshift-1-label"
      >
        Search
      </label>
      <div
        class="SearchInput-module_wrapper__114JK"
      >
        <input
          aria-autocomplete="list"
          aria-controls="downshift-1-menu"
          aria-expanded="false"
          aria-haspopup="listbox"
          aria-labelledby="downshift-1-label"
          aria-owns="downshift-1-menu"
          autocomplete="off"
          class="SearchInput-module_input__Addns"
          enterkeyhint="search"
          id="downshift-0-input"
          placeholder="Search"
          role="combobox"
          value=""
        />
        <div
          class="SearchInput-module_buttons__2O_2t search-input_hds-search-input__buttons__3PawT"
        >
          <button
            aria-label="Etsi"
            class="SearchInput-module_button__z7NIp search-input_hds-search-input__button__1-cj-"
            type="button"
          >
            <svg
              aria-hidden="true"
              class="Icon-module_icon__1Jtzj icon_hds-icon__1YqNC Icon-module_s__2WGWe icon_hds-icon--size-s__2Lkik SearchInput-module_searchIcon__l1_S4"
              role="img"
              viewBox="0 0 24 24"
              xmlns="http://www.w3.org/2000/svg"
            >
              <g
                fill="none"
                fill-rule="evenodd"
              >
                <path
                  d="M0 0h24v24H0z"
                />
                <path
                  d="M15 1a8 8 0 11-4.798 14.402l-6.401 6.4-1.591-1.59 6.398-6.4A8 8 0 0115 1zm0 2a6 6 0 100 12 6 6 0 000-12z"
                  fill="currentColor"
                />
              </g>
            </svg>
          </button>
        </div>
        <ul
          aria-labelledby="downshift-1-label"
          class="SearchInput-module_menu__2P8CO"
          id="downshift-1-menu"
          role="listbox"
          style="max-height: 416px;"
        />
      </div>
    </div>
  </div>
</div>
`;
